[
  {
    "start": {
      "column": 0,
      "line": 7
    },
    "kind": "statement",
    "end": {
      "column": 5,
      "line": 7
    },
    "name": "a"
  },
  {
    "kind": "class",
    "end": {
      "column": 0,
      "line": 17
    },
    "name": "Test",
    "start": {
      "column": 0,
      "line": 10
    },
    "params": [],
    "children": [
      {
        "kind": "function",
        "end": {
          "column": 4,
          "line": 15
        },
        "name": "__init__",
        "start": {
          "column": 4,
          "line": 12
        },
        "params": [
          "self"
        ],
        "children": []
      },
      {
        "kind": "function",
        "end": {
          "column": 0,
          "line": 17
        },
        "name": "hello",
        "start": {
          "column": 4,
          "line": 15
        },
        "params": [
          "self",
          "name"
        ],
        "children": []
      }
    ]
  }
]
