[
  {
    "kind": "class",
    "end": {
      "column": 0,
      "line": 20
    },
    "name": "Test2",
    "start": {
      "column": 0,
      "line": 9
    },
    "params": [],
    "children": [
      {
        "kind": "function",
        "end": {
          "column": 4,
          "line": 17
        },
        "name": "__init__",
        "start": {
          "column": 4,
          "line": 13
        },
        "params": [
          "self"
        ],
        "children": []
      },
      {
        "kind": "function",
        "end": {
          "column": 0,
          "line": 20
        },
        "name": "hello",
        "start": {
          "column": 4,
          "line": 17
        },
        "params": [
          "self",
          "name"
        ],
        "children": []
      }
    ]
  }
]
