[
  {
    "kind": "class",
    "end": {
      "column": 0,
      "line": 24
    },
    "name": "Test3",
    "start": {
      "column": 0,
      "line": 8
    },
    "params": [],
    "children": [
      {
        "kind": "function",
        "end": {
          "column": 4,
          "line": 13
        },
        "name": "__init__",
        "start": {
          "column": 4,
          "line": 10
        },
        "params": [
          "self"
        ],
        "children": []
      },
      {
        "kind": "function",
        "end": {
          "column": 4,
          "line": 17
        },
        "name": "hello",
        "start": {
          "column": 4,
          "line": 14
        },
        "params": [
          "self",
          "name"
        ],
        "children": []
      },
      {
        "kind": "function",
        "end": {
          "column": 4,
          "line": 21
        },
        "name": "hey",
        "start": {
          "column": 4,
          "line": 18
        },
        "params": [
          "self"
        ],
        "children": []
      },
      {
        "kind": "function",
        "end": {
          "column": 0,
          "line": 24
        },
        "name": "meth",
        "start": {
          "column": 4,
          "line": 22
        },
        "params": [
        ],
        "children": []
      }
    ]
  }
]
