[
  {
    "start": {
      "column": 0,
      "line": 7
    },
    "kind": "statement",
    "end": {
      "column": 23,
      "line": 7
    },
    "name": "a"
  },
  {
    "start": {
      "column": 0,
      "line": 7
    },
    "kind": "statement",
    "end": {
      "column": 23,
      "line": 7
    },
    "name": "b"
  },
  {
    "start": {
      "column": 0,
      "line": 7
    },
    "kind": "statement",
    "end": {
      "column": 23,
      "line": 7
    },
    "name": "c"
  },
  {
    "start": {
      "column": 0,
      "line": 7
    },
    "kind": "statement",
    "end": {
      "column": 23,
      "line": 7
    },
    "name": "d"
  }
]
