[
  {
    "end": {
      "column": 16,
      "line": 5
    },
    "kind": "statement",
    "name": "T",
    "start": {
      "column": 0,
      "line": 5
    }
  },
  {
    "children": [
      {
        "children": [],
        "end": {
          "column": 0,
          "line": 13
        },
        "kind": "function",
        "name": "__init__",
        "params": [
          "self",
          "label"
        ],
        "start": {
          "column": 4,
          "line": 9
        }
      }
    ],
    "end": {
      "column": 0,
      "line": 13
    },
    "kind": "class",
    "name": "Node",
    "params": [
      "label"
    ],
    "start": {
      "column": 0,
      "line": 8
    }
  },
  {
    "children": [],
    "end": {
      "column": 0,
      "line": 17
    },
    "kind": "function",
    "name": "fun",
    "params": [
      "arg1",
      "arg2"
    ],
    "start": {
      "column": 0,
      "line": 13
    }
  },
  {
    "children": [],
    "end": {
      "column": 0,
      "line": 19
    },
    "kind": "function",
    "name": "fun2",
    "params": [
      "a",
      "*",
      "b"
    ],
    "start": {
      "column": 0,
      "line": 17
    }
  }
]
